// Jest Snapshot v1, https://goo.gl/fbAQLP

exports[`RemoveLevelDialog Check matching snapshot 1`] = `
<ContextConsumer>
  <Component />
</ContextConsumer>
`;
