// Jest Snapshot v1, https://goo.gl/fbAQLP

exports[`LevelsSelectField snapshot for LevelsSelectField 1`] = `""`;
