// Jest Snapshot v1, https://goo.gl/fbAQLP

exports[`Map Check matching snapshot 1`] = `"<div id=\\"map\\" class=\\"mapWrapper\\"><div class=\\"mapContainer\\"></div></div>"`;
