// Jest Snapshot v1, https://goo.gl/fbAQLP

exports[`BuildingSizeLegend should match snapshot 1`] = `
<span
  className="buidingSize"
/>
`;
