// Jest Snapshot v1, https://goo.gl/fbAQLP

exports[`BuildingsListRouter Check matching snapshot 1`] = `
<Fragment>
  <Route
    component={
      Object {
        "$$typeof": Symbol(react.memo),
        "WrappedComponent": [Function],
        "compare": null,
        "type": [Function],
      }
    }
    path="/buildings"
  />
  <Route
    component={[Function]}
    exact={true}
    path="/buildings/:id/delete"
  />
  <Route
    exact={true}
    path="/buildings/:id"
    render={[Function]}
  />
</Fragment>
`;
