// Jest Snapshot v1, https://goo.gl/fbAQLP

exports[`mock snapshot for ActionButtonsGroup 1`] = `
<ContextConsumer>
  <Component />
</ContextConsumer>
`;
