// Jest Snapshot v1, https://goo.gl/fbAQLP

exports[`UserTable Check matching snapshot 1`] = `""`;
