// Jest Snapshot v1, https://goo.gl/fbAQLP

exports[`MarkerHolder should match snapshot 1`] = `
<LocalizedComponent
  changeEditMode={[MockFunction]}
  handleRemoveMarkers={[Function]}
  levelNumber={1}
  selectedMapProviderName="Google"
/>
`;
