// Jest Snapshot v1, https://goo.gl/fbAQLP

exports[`WatcherForm Check matching snapshot 1`] = `
<ReactFinalForm
  onSubmit={[Function]}
  render={[Function]}
/>
`;
