// Jest Snapshot v1, https://goo.gl/fbAQLP

exports[`UserList Check matching snapshot 1`] = `
<div
  style={Object {}}
>
  <Connect(CustomAppBar)
    title={<withRouter(LocalizedComponent) />}
  />
  <ErrorBoundary
    FallbackComponent={[Function]}
  >
    <withRouter(Connect(LocalizedComponent))
      updated={false}
    />
  </ErrorBoundary>
</div>
`;
