// Jest Snapshot v1, https://goo.gl/fbAQLP

exports[`mock snapshot for BackgroundToggleButton 1`] = `
<ContextConsumer>
  <Component />
</ContextConsumer>
`;
